<html>
<body>
<pre>
<h1>µVision Build Log</h1>
<h2>Tool Versions:</h2>
IDE-Version: ¦ÌVision V5.34.0.0
Copyright (C) 2021 ARM Ltd and ARM Germany GmbH. All rights reserved.
License Information: huiyu HZHY, 123, LIC=QF82M-X4PKY-AR8XW-Q0N9K-VVYYC-BS1J2
 
Tool Versions:
Toolchain:       MDK-ARM Plus  Version: 5.34.0.0
Toolchain Path:  D:\keil\ARM\ARMCC\Bin
C Compiler:      Armcc.exe V5.06 update 7 (build 960)
Assembler:       Armasm.exe V5.06 update 7 (build 960)
Linker/Locator:  ArmLink.exe V5.06 update 7 (build 960)
Library Manager: ArmAr.exe V5.06 update 7 (build 960)
Hex Converter:   FromElf.exe V5.06 update 7 (build 960)
CPU DLL:         SARMCM3.DLL V5.34.0.0
Dialog DLL:      DCM.DLL V1.17.3.0
Target DLL:      UL2CM3.DLL V1.163.9.0
Dialog DLL:      TCM.DLL V1.48.0.0
 
<h2>Project:</h2>
E:\360MoveData\Users\HZHY\Desktop\0123456\AT32f403a-3g-2401181726\bsp\at32\at32f403a\project.uvprojx
Project File Date:  09/02/2023

<h2>Output:</h2>
*** Using Compiler 'V5.06 update 7 (build 960)', folder: 'D:\keil\ARM\ARMCC\Bin'
Build target 'rt-thread'
compiling main.c...
4G\4GMain.h(254): warning:  #1295-D: Deprecated declaration _4G_SendFrameDispose - give arg types
  uint8_t  _4G_SendFrameDispose();
4G\4GMain.h(310): warning:  #1295-D: Deprecated declaration SIM7600Reset - give arg types
  uint8_t SIM7600Reset();
4G\4GMain.h(332): warning:  #1295-D: Deprecated declaration APP_GetSIM7600Status - give arg types
  _4G_STATE APP_GetSIM7600Status();
applications\main.c(33): warning:  #1295-D: Deprecated declaration wdt_sample - give arg types
  extern int wdt_sample();
applications\main.c: 4 warnings, 0 errors
linking...
Program Size: Code=141234 RO-data=13822 RW-data=3772 ZI-data=24404  
FromELF: creating hex file...
After Build - User command #2: fromelf --bin -o "E:\360MoveData\Users\HZHY\Desktop\0123456\AT32f403a-3g-2401181726\bsp\at32\at32f403a\ouput\project.bin" "E:\360MoveData\Users\HZHY\Desktop\0123456\AT32f403a-3g-2401181726\bsp\at32\at32f403a\ouput\project.axf"
".\ouput\project.axf" - 0 Error(s), 4 Warning(s).

<h2>Software Packages used:</h2>

Package Vendor: Keil
                
                Keil.AT32F4xx_DFP.1.3.7
                ArteryTek AT32F4 Series Device Support,Drivers

<h2>Collection of Component include folders:</h2>
  D:\keil\Keil\AT32F4xx_DFP\1.3.7\Device\Include

<h2>Collection of Component Files used:</h2>
Build Time Elapsed:  00:00:04
</pre>
</body>
</html>
